Archive member included to satisfy reference by file (symbol)

drivers/built-in.o            (--whole-archive)
kernel/built-in.o             (--whole-archive)
lib/built-in.o                (--whole-archive)
misc/built-in.o               (--whole-archive)
boards/built-in.o             (--whole-archive)
ext/built-in.o                (--whole-archive)
subsys/built-in.o             (--whole-archive)
arch/built-in.o               (--whole-archive)
kernel/lib.a(device.o)        drivers/built-in.o (device_get_binding)
kernel/lib.a(errno.o)         lib/built-in.o (_get_errno)
kernel/lib.a(init.o)          arch/built-in.o (_Cstart)
kernel/lib.a(sched.o)         arch/built-in.o (_kernel)
kernel/lib.a(sys_clock.o)     drivers/built-in.o (_nano_sys_clock_tick_announce)
kernel/lib.a(thread.o)        arch/built-in.o (k_is_in_isr)
kernel/lib.a(thread_abort.o)  arch/built-in.o (k_thread_abort)
kernel/lib.a(idle.o)          kernel/lib.a(init.o) (idle)
/opt/zephyr-sdk//sysroots/i586-zephyr-elf/usr/lib/i586-zephyr-elf/6.2.0/libgcc.a(_udivdi3.o)
                              drivers/built-in.o (__udivdi3)

Allocating common symbols
Common symbol       size              file

_handling_timeouts  0x4               kernel/lib.a(sys_clock.o)
_dummy_exception_vector_stub
                    0x4               arch/built-in.o
_time_slice_elapsed
                    0x4               kernel/lib.a(sys_clock.o)
_sys_clock_tick_count
                    0x8               kernel/lib.a(sys_clock.o)
sys_cache_line_size
                    0x4               arch/built-in.o
_dummy_spurious_interrupt
                    0x4               arch/built-in.o

Discarded input sections

 .text          0x0000000000000000        0x0 src/built-in.o
 .text.__k_mem_pool_quad_block_size_define
                0x0000000000000000        0x5 src/built-in.o
 .data          0x0000000000000000        0x0 src/built-in.o
 .bss           0x0000000000000000        0x0 src/built-in.o
 .text          0x0000000000000000        0x0 drivers/built-in.o
 .text.__k_mem_pool_quad_block_size_define
                0x0000000000000000       0x28 drivers/built-in.o
 .text._timer_cycle_get_32
                0x0000000000000000       0x10 drivers/built-in.o
 .text._loapic_irq_disable
                0x0000000000000000       0x24 drivers/built-in.o
 .text._arch_irq_disable
                0x0000000000000000       0x1d drivers/built-in.o
 .text._ioapic_irq_disable
                0x0000000000000000       0x16 drivers/built-in.o
 .text._ioapic_int_vec_set
                0x0000000000000000       0x14 drivers/built-in.o
 .data          0x0000000000000000        0x0 drivers/built-in.o
 .bss           0x0000000000000000        0x0 drivers/built-in.o
 .text          0x0000000000000000        0x0 kernel/built-in.o
 .text.sys_kernel_version_get
                0x0000000000000000        0xa kernel/built-in.o
 .data          0x0000000000000000        0x0 kernel/built-in.o
 .bss           0x0000000000000000        0x0 kernel/built-in.o
 .comment       0x0000000000000000       0x12 kernel/built-in.o
 .debug_aranges
                0x0000000000000000       0x20 kernel/built-in.o
 .debug_info    0x0000000000000000       0x85 kernel/built-in.o
 .debug_abbrev  0x0000000000000000       0x5c kernel/built-in.o
 .debug_line    0x0000000000000000       0xb2 kernel/built-in.o
 .debug_frame   0x0000000000000000       0x34 kernel/built-in.o
 .debug_str     0x0000000000000000      0x1c4 kernel/built-in.o
 .debug_ranges  0x0000000000000000       0x10 kernel/built-in.o
 .text          0x0000000000000000        0x0 lib/built-in.o
 .text.fprintf  0x0000000000000000       0x1c lib/built-in.o
 .text.vfprintf
                0x0000000000000000       0x1b lib/built-in.o
 .text.printf   0x0000000000000000       0x1b lib/built-in.o
 .text.vprintf  0x0000000000000000       0x1a lib/built-in.o
 .text._to_x    0x0000000000000000       0x5b lib/built-in.o
 .text._rlrshift
                0x0000000000000000       0x26 lib/built-in.o
 .text._ldiv5   0x0000000000000000       0x94 lib/built-in.o
 .text._get_digit
                0x0000000000000000       0x45 lib/built-in.o
 .text._prf     0x0000000000000000      0xbb2 lib/built-in.o
 .text.sprintf_out
                0x0000000000000000       0x1c lib/built-in.o
 .text.snprintf
                0x0000000000000000       0x39 lib/built-in.o
 .text.sprintf  0x0000000000000000       0x33 lib/built-in.o
 .text.vsnprintf
                0x0000000000000000       0x38 lib/built-in.o
 .text.vsprintf
                0x0000000000000000       0x32 lib/built-in.o
 .text._stdout_hook_default
                0x0000000000000000        0x8 lib/built-in.o
 .text.__stdout_hook_install
                0x0000000000000000        0xd lib/built-in.o
 .text.fputc    0x0000000000000000       0x15 lib/built-in.o
 .text.fputs    0x0000000000000000       0x2c lib/built-in.o
 .text.fwrite   0x0000000000000000       0x4b lib/built-in.o
 .text.puts     0x0000000000000000       0x28 lib/built-in.o
 .text.strcpy   0x0000000000000000       0x1e lib/built-in.o
 .text.strncpy  0x0000000000000000       0x30 lib/built-in.o
 .text.strchr   0x0000000000000000       0x22 lib/built-in.o
 .text.strrchr  0x0000000000000000       0x18 lib/built-in.o
 .text.strlen   0x0000000000000000       0x13 lib/built-in.o
 .text.strncmp  0x0000000000000000       0x2b lib/built-in.o
 .text.strcat   0x0000000000000000       0x22 lib/built-in.o
 .text.strncat  0x0000000000000000       0x33 lib/built-in.o
 .text.memcmp   0x0000000000000000       0x2d lib/built-in.o
 .text.memmove  0x0000000000000000       0x38 lib/built-in.o
 .text.memcpy   0x0000000000000000       0x6b lib/built-in.o
 .text.memset   0x0000000000000000       0x63 lib/built-in.o
 .text.memchr   0x0000000000000000       0x29 lib/built-in.o
 .text.strncasecmp
                0x0000000000000000       0x3b lib/built-in.o
 .text.strstr   0x0000000000000000       0x5c lib/built-in.o
 .text.strtol   0x0000000000000000      0x13b lib/built-in.o
 .text.strtoul  0x0000000000000000      0x132 lib/built-in.o
 .text.atoi     0x0000000000000000       0x4c lib/built-in.o
 .rodata._prf.str1.1
                0x0000000000000000        0xb lib/built-in.o
 .rodata.shifts.1089
                0x0000000000000000        0x3 lib/built-in.o
 .rodata.charmap
                0x0000000000000000      0x100 lib/built-in.o
 .data          0x0000000000000000        0x0 lib/built-in.o
 .data._stdout_hook
                0x0000000000000000        0x4 lib/built-in.o
 .bss           0x0000000000000000        0x0 lib/built-in.o
 .text          0x0000000000000000        0x0 misc/built-in.o
 .text.str_out  0x0000000000000000       0x3f misc/built-in.o
 .text.__printk_get_hook
                0x0000000000000000        0xa misc/built-in.o
 .text.snprintk
                0x0000000000000000       0x43 misc/built-in.o
 .text.vsnprintk
                0x0000000000000000       0x42 misc/built-in.o
 .data          0x0000000000000000        0x0 misc/built-in.o
 .bss           0x0000000000000000        0x0 misc/built-in.o
 .text          0x0000000000000000        0x0 subsys/built-in.o
 .text.syslog_hook_default
                0x0000000000000000        0x5 subsys/built-in.o
 .text.syslog_hook_install
                0x0000000000000000        0xd subsys/built-in.o
 .data          0x0000000000000000        0x0 subsys/built-in.o
 .data.syslog_hook
                0x0000000000000000        0x4 subsys/built-in.o
 .bss           0x0000000000000000        0x0 subsys/built-in.o
 .comment       0x0000000000000000       0x12 subsys/built-in.o
 .debug_aranges
                0x0000000000000000       0x28 subsys/built-in.o
 .debug_info    0x0000000000000000       0x9c subsys/built-in.o
 .debug_abbrev  0x0000000000000000       0xa3 subsys/built-in.o
 .debug_line    0x0000000000000000       0x81 subsys/built-in.o
 .debug_frame   0x0000000000000000       0x54 subsys/built-in.o
 .debug_str     0x0000000000000000      0x172 subsys/built-in.o
 .debug_ranges  0x0000000000000000       0x18 subsys/built-in.o
 .text          0x0000000000000000        0x0 arch/built-in.o
 .text.__k_mem_pool_quad_block_size_define
                0x0000000000000000       0x28 arch/built-in.o
 .text.k_cpu_atomic_idle
                0x0000000000000000       0x11 arch/built-in.o
 .text._MsrWrite
                0x0000000000000000       0x10 arch/built-in.o
 .text._MsrRead
                0x0000000000000000       0x10 arch/built-in.o
 .text._arch_isr_direct_header
                0x0000000000000000        0xb arch/built-in.o
 .text._arch_isr_direct_footer
                0x0000000000000000       0x3d arch/built-in.o
 .text.sys_cache_flush
                0x0000000000000000        0x3 arch/built-in.o
 .data          0x0000000000000000        0x0 arch/built-in.o
 .bss           0x0000000000000000        0x0 arch/built-in.o
 .text          0x0000000000000000        0x0 kernel/lib.a(device.o)
 .data          0x0000000000000000        0x0 kernel/lib.a(device.o)
 .bss           0x0000000000000000        0x0 kernel/lib.a(device.o)
 .text.__k_mem_pool_quad_block_size_define
                0x0000000000000000        0x5 kernel/lib.a(device.o)
 .text.device_busy_set
                0x0000000000000000        0x5 kernel/lib.a(device.o)
 .text.device_busy_clear
                0x0000000000000000        0x5 kernel/lib.a(device.o)
 .text          0x0000000000000000        0x0 kernel/lib.a(errno.o)
 .data          0x0000000000000000        0x0 kernel/lib.a(errno.o)
 .bss           0x0000000000000000        0x0 kernel/lib.a(errno.o)
 .text.__k_mem_pool_quad_block_size_define
                0x0000000000000000        0x5 kernel/lib.a(errno.o)
 .text._get_errno
                0x0000000000000000        0xd kernel/lib.a(errno.o)
 .text          0x0000000000000000        0x0 kernel/lib.a(init.o)
 .data          0x0000000000000000        0x0 kernel/lib.a(init.o)
 .bss           0x0000000000000000        0x0 kernel/lib.a(init.o)
 .text.__k_mem_pool_quad_block_size_define
                0x0000000000000000        0x5 kernel/lib.a(init.o)
 .text.k_call_stacks_analyze
                0x0000000000000000        0x5 kernel/lib.a(init.o)
 .text._bss_zero
                0x0000000000000000       0x1f kernel/lib.a(init.o)
 .text.main     0x0000000000000000        0x5 kernel/lib.a(init.o)
 .rodata._idle_thread
                0x0000000000000000        0x4 kernel/lib.a(init.o)
 .rodata._main_thread
                0x0000000000000000        0x4 kernel/lib.a(init.o)
 .rodata.build_timestamp
                0x0000000000000000        0x4 kernel/lib.a(init.o)
 .text          0x0000000000000000        0x0 kernel/lib.a(sched.o)
 .data          0x0000000000000000        0x0 kernel/lib.a(sched.o)
 .bss           0x0000000000000000        0x0 kernel/lib.a(sched.o)
 .text._add_timeout
                0x0000000000000000       0x74 kernel/lib.a(sched.o)
 .text.__k_mem_pool_quad_block_size_define
                0x0000000000000000        0x5 kernel/lib.a(sched.o)
 .text.k_sched_lock
                0x0000000000000000        0xd kernel/lib.a(sched.o)
 .text._pend_thread
                0x0000000000000000       0x7c kernel/lib.a(sched.o)
 .text._pend_current_thread
                0x0000000000000000       0x25 kernel/lib.a(sched.o)
 .text.k_thread_priority_get
                0x0000000000000000        0xc kernel/lib.a(sched.o)
 .text.k_thread_priority_set
                0x0000000000000000       0x46 kernel/lib.a(sched.o)
 .text.k_yield  0x0000000000000000       0x35 kernel/lib.a(sched.o)
 .text.k_sleep  0x0000000000000000       0x54 kernel/lib.a(sched.o)
 .text.k_wakeup
                0x0000000000000000       0x7a kernel/lib.a(sched.o)
 .text._dump_ready_q
                0x0000000000000000        0x5 kernel/lib.a(sched.o)
 .text.k_sched_time_slice_set
                0x0000000000000000       0x1f kernel/lib.a(sched.o)
 .text.k_is_preempt_thread
                0x0000000000000000       0x20 kernel/lib.a(sched.o)
 .text          0x0000000000000000        0x0 kernel/lib.a(sys_clock.o)
 .data          0x0000000000000000        0x0 kernel/lib.a(sys_clock.o)
 .bss           0x0000000000000000        0x0 kernel/lib.a(sys_clock.o)
 .text.__k_mem_pool_quad_block_size_define
                0x0000000000000000        0x5 kernel/lib.a(sys_clock.o)
 .text._tick_get_32
                0x0000000000000000        0xa kernel/lib.a(sys_clock.o)
 .text.k_uptime_get_32
                0x0000000000000000       0x10 kernel/lib.a(sys_clock.o)
 .text._tick_get
                0x0000000000000000       0x1c kernel/lib.a(sys_clock.o)
 .text.k_uptime_get
                0x0000000000000000       0x18 kernel/lib.a(sys_clock.o)
 .text.sys_tick_delta
                0x0000000000000000       0x34 kernel/lib.a(sys_clock.o)
 .text.sys_tick_delta_32
                0x0000000000000000       0x2b kernel/lib.a(sys_clock.o)
 .text.k_uptime_delta
                0x0000000000000000       0x29 kernel/lib.a(sys_clock.o)
 .text.k_uptime_delta_32
                0x0000000000000000        0xe kernel/lib.a(sys_clock.o)
 .text          0x0000000000000000        0x0 kernel/lib.a(thread.o)
 .data          0x0000000000000000        0x0 kernel/lib.a(thread.o)
 .bss           0x0000000000000000        0x0 kernel/lib.a(thread.o)
 .text.__k_mem_pool_quad_block_size_define
                0x0000000000000000        0x5 kernel/lib.a(thread.o)
 .text._thread_essential_set
                0x0000000000000000        0xe kernel/lib.a(thread.o)
 .text._thread_essential_clear
                0x0000000000000000        0xe kernel/lib.a(thread.o)
 .text.k_busy_wait
                0x0000000000000000       0x4a kernel/lib.a(thread.o)
 .text.k_thread_spawn
                0x0000000000000000       0x36 kernel/lib.a(thread.o)
 .text.k_thread_cancel
                0x0000000000000000       0x31 kernel/lib.a(thread.o)
 .text._k_thread_group_op
                0x0000000000000000       0x74 kernel/lib.a(thread.o)
 .text._k_thread_single_start
                0x0000000000000000       0x20 kernel/lib.a(thread.o)
 .text._k_thread_single_suspend
                0x0000000000000000       0x22 kernel/lib.a(thread.o)
 .text.k_thread_suspend
                0x0000000000000000       0x36 kernel/lib.a(thread.o)
 .text._k_thread_single_resume
                0x0000000000000000       0x20 kernel/lib.a(thread.o)
 .text.k_thread_resume
                0x0000000000000000       0x1d kernel/lib.a(thread.o)
 .text._k_thread_group_mask_get
                0x0000000000000000        0xe kernel/lib.a(thread.o)
 .text._k_thread_group_join
                0x0000000000000000       0x11 kernel/lib.a(thread.o)
 .text._k_thread_group_leave
                0x0000000000000000       0x11 kernel/lib.a(thread.o)
 .text          0x0000000000000000        0x0 kernel/lib.a(thread_abort.o)
 .data          0x0000000000000000        0x0 kernel/lib.a(thread_abort.o)
 .bss           0x0000000000000000        0x0 kernel/lib.a(thread_abort.o)
 .text.__k_mem_pool_quad_block_size_define
                0x0000000000000000        0x5 kernel/lib.a(thread_abort.o)
 .text.task_abort_handler_set
                0x0000000000000000       0x10 kernel/lib.a(thread_abort.o)
 .text          0x0000000000000000        0x0 kernel/lib.a(idle.o)
 .data          0x0000000000000000        0x0 kernel/lib.a(idle.o)
 .bss           0x0000000000000000        0x0 kernel/lib.a(idle.o)
 .text.__k_mem_pool_quad_block_size_define
                0x0000000000000000        0x5 kernel/lib.a(idle.o)
 .text._sys_power_save_idle_exit
                0x0000000000000000        0x5 kernel/lib.a(idle.o)
 .text          0x0000000000000000        0x0 ./arch/x86/core/offsets/offsets.o
 .data          0x0000000000000000        0x0 ./arch/x86/core/offsets/offsets.o
 .bss           0x0000000000000000        0x0 ./arch/x86/core/offsets/offsets.o
 .text.__k_mem_pool_quad_block_size_define
                0x0000000000000000        0x5 ./arch/x86/core/offsets/offsets.o
 .data          0x0000000000000000        0x0 /opt/zephyr-sdk//sysroots/i586-zephyr-elf/usr/lib/i586-zephyr-elf/6.2.0/libgcc.a(_udivdi3.o)
 .bss           0x0000000000000000        0x0 /opt/zephyr-sdk//sysroots/i586-zephyr-elf/usr/lib/i586-zephyr-elf/6.2.0/libgcc.a(_udivdi3.o)
 .eh_frame      0x0000000000000000       0x9c /opt/zephyr-sdk//sysroots/i586-zephyr-elf/usr/lib/i586-zephyr-elf/6.2.0/libgcc.a(_udivdi3.o)

Memory Configuration

Name             Origin             Length             Attributes
RAM              0x0000000000100000 0x0000000000030000 xw
IDT_LIST         0x0000000000000800 0x0000000000000800
*default*        0x0000000000000000 0xffffffffffffffff

Linker script and memory map

START GROUP
LOAD src/built-in.o
LOAD libzephyr.a
LOAD kernel/lib.a
LOAD ./arch/x86/core/offsets/offsets.o
END GROUP
LOAD /opt/zephyr-sdk//sysroots/i586-zephyr-elf/usr/lib/i586-zephyr-elf/6.2.0/libgcc.a
LOAD staticIdt.o
LOAD irq_int_vector_map.o
                0x0000000000100000                _image_rom_start = 0x100000
                0x0000000000100000                _image_text_start = 0x100000

text            0x0000000000100000     0x16ae
                0x0000000000000000                . = 0x0
 *(.text_start)
 *(.text_start.*)
 .text_start.__start
                0x0000000000100000       0x88 arch/built-in.o
                0x0000000000100000                __start
                0x0000000000100057                _Idt
                0x0000000000100070                _gdt
 *(.text)
 *fill*         0x0000000000100088        0x8 
 .text          0x0000000000100090      0x129 /opt/zephyr-sdk//sysroots/i586-zephyr-elf/usr/lib/i586-zephyr-elf/6.2.0/libgcc.a(_udivdi3.o)
                0x0000000000100090                __udivdi3
 *(.text.*)
 .text.main     0x00000000001001b9       0x16 src/built-in.o
                0x00000000001001b9                main
 .text.console_out
                0x00000000001001cf       0x31 drivers/built-in.o
 .text.uart_console_hook_install
                0x0000000000100200       0x10 drivers/built-in.o
                0x0000000000100200                uart_console_hook_install
 .text.uart_console_init
                0x0000000000100210       0x1c drivers/built-in.o
 .text.uart_ns16550_init
                0x000000000010022c       0x96 drivers/built-in.o
 .text.uart_ns16550_poll_in
                0x00000000001002c2       0x27 drivers/built-in.o
 .text.uart_ns16550_poll_out
                0x00000000001002e9       0x1f drivers/built-in.o
 .text.uart_ns16550_err_check
                0x0000000000100308       0x16 drivers/built-in.o
 .text._timer_int_handler
                0x000000000010031e       0x11 drivers/built-in.o
                0x000000000010031e                _timer_int_handler
 .text._sys_clock_driver_init
                0x000000000010032f      0x146 drivers/built-in.o
                0x000000000010032f                _sys_clock_driver_init
 .text.irqstubs
                0x0000000000100475        0xc drivers/built-in.o
                0x0000000000100475                _timer_int_handler_irq2_stub
 .text._i8259_init
                0x0000000000100481        0xd drivers/built-in.o
                0x0000000000100481                _i8259_init
 .text._loapic_init
                0x000000000010048e       0xad drivers/built-in.o
 .text._loapic_int_vec_set
                0x000000000010053b       0x23 drivers/built-in.o
                0x000000000010053b                _loapic_int_vec_set
 .text._loapic_irq_enable
                0x000000000010055e       0x24 drivers/built-in.o
                0x000000000010055e                _loapic_irq_enable
 .text.__irq_controller_isr_vector_get
                0x0000000000100582       0x2f drivers/built-in.o
                0x0000000000100582                __irq_controller_isr_vector_get
 .text.__irq_controller_irq_config
                0x00000000001005b1       0x26 drivers/built-in.o
                0x00000000001005b1                __irq_controller_irq_config
 .text._arch_irq_enable
                0x00000000001005d7       0x1d drivers/built-in.o
                0x00000000001005d7                _arch_irq_enable
 .text.__IoApicSet
                0x00000000001005f4       0x1a drivers/built-in.o
 .text._IoApicRedUpdateLo
                0x000000000010060e       0x2d drivers/built-in.o
 .text._ioapic_init
                0x000000000010063b       0x2c drivers/built-in.o
                0x000000000010063b                _ioapic_init
 .text._ioapic_irq_enable
                0x0000000000100667       0x13 drivers/built-in.o
                0x0000000000100667                _ioapic_irq_enable
 .text._ioapic_irq_set
                0x000000000010067a       0x2e drivers/built-in.o
                0x000000000010067a                _ioapic_irq_set
 .text.strcmp   0x00000000001006a8       0x23 lib/built-in.o
                0x00000000001006a8                strcmp
 .text._nop_char_out
                0x00000000001006cb        0x7 misc/built-in.o
 .text.char_out
                0x00000000001006d2        0xf misc/built-in.o
 .text._printk_dec_ulong
                0x00000000001006e1       0xbf misc/built-in.o
 .text.__printk_hook_install
                0x00000000001007a0        0xd misc/built-in.o
                0x00000000001007a0                __printk_hook_install
 .text._vprintk
                0x00000000001007ad      0x260 misc/built-in.o
                0x00000000001007ad                _vprintk
 .text.printk   0x0000000000100a0d       0x28 misc/built-in.o
                0x0000000000100a0d                printk
 .text._ConfigAbsSyms
                0x0000000000100a35        0x5 misc/built-in.o
                0x0000000000100a35                _ConfigAbsSyms
 .text.k_cpu_idle
                0x0000000000100a3a        0x7 arch/built-in.o
                0x0000000000100a3a                k_cpu_idle
 .text._SysFatalErrorHandler
                0x0000000000100a41       0x57 arch/built-in.o
                0x0000000000100a41                _SysFatalErrorHandler
 .text._cache_line_size_get
                0x0000000000100a98       0x14 arch/built-in.o
                0x0000000000100a98                _cache_line_size_get
 .text.init_cache
                0x0000000000100aac       0x11 arch/built-in.o
 .text._exception_enter
                0x0000000000100abd       0x2c arch/built-in.o
                0x0000000000100abd                _exception_enter
 .text._interrupt_enter
                0x0000000000100ae9       0x59 arch/built-in.o
                0x0000000000100ae9                _interrupt_enter
 .text._SpuriousIntNoErrCodeHandler
                0x0000000000100b42        0x2 arch/built-in.o
                0x0000000000100b42                _SpuriousIntNoErrCodeHandler
 .text._SpuriousIntHandler
                0x0000000000100b44       0x16 arch/built-in.o
                0x0000000000100b44                _SpuriousIntHandler
 .text._Swap    0x0000000000100b5a       0x29 arch/built-in.o
                0x0000000000100b5a                _Swap
 .text._new_thread
                0x0000000000100b83       0x66 arch/built-in.o
                0x0000000000100b83                _new_thread
 .text._debug_fatal_hook
                0x0000000000100be9        0x5 arch/built-in.o
                0x0000000000100be9                _debug_fatal_hook
 .text._NanoFatalErrorHandler
                0x0000000000100bee       0xf4 arch/built-in.o
                0x0000000000100bee                _NanoFatalErrorHandler
 .text.generic_exc_handle
                0x0000000000100ce2       0x37 arch/built-in.o
 .text.handle_exc_0
                0x0000000000100d19        0xd arch/built-in.o
                0x0000000000100d19                handle_exc_0
 .text.handle_exc_2
                0x0000000000100d26       0x10 arch/built-in.o
                0x0000000000100d26                handle_exc_2
 .text.handle_exc_4
                0x0000000000100d36       0x10 arch/built-in.o
                0x0000000000100d36                handle_exc_4
 .text.handle_exc_5
                0x0000000000100d46       0x10 arch/built-in.o
                0x0000000000100d46                handle_exc_5
 .text.handle_exc_6
                0x0000000000100d56       0x10 arch/built-in.o
                0x0000000000100d56                handle_exc_6
 .text.handle_exc_7
                0x0000000000100d66       0x10 arch/built-in.o
                0x0000000000100d66                handle_exc_7
 .text.handle_exc_8
                0x0000000000100d76       0x10 arch/built-in.o
                0x0000000000100d76                handle_exc_8
 .text.handle_exc_10
                0x0000000000100d86       0x10 arch/built-in.o
                0x0000000000100d86                handle_exc_10
 .text.handle_exc_11
                0x0000000000100d96       0x10 arch/built-in.o
                0x0000000000100d96                handle_exc_11
 .text.handle_exc_12
                0x0000000000100da6       0x10 arch/built-in.o
                0x0000000000100da6                handle_exc_12
 .text.handle_exc_13
                0x0000000000100db6       0x10 arch/built-in.o
                0x0000000000100db6                handle_exc_13
 .text.handle_exc_14
                0x0000000000100dc6       0x10 arch/built-in.o
                0x0000000000100dc6                handle_exc_14
 .text.handle_exc_16
                0x0000000000100dd6       0x10 arch/built-in.o
                0x0000000000100dd6                handle_exc_16
 .text.handle_exc_17
                0x0000000000100de6       0x10 arch/built-in.o
                0x0000000000100de6                handle_exc_17
 .text.handle_exc_18
                0x0000000000100df6       0x10 arch/built-in.o
                0x0000000000100df6                handle_exc_18
 .text._sys_device_do_config_level
                0x0000000000100e06       0x2e kernel/lib.a(device.o)
                0x0000000000100e06                _sys_device_do_config_level
 .text.device_get_binding
                0x0000000000100e34       0x39 kernel/lib.a(device.o)
                0x0000000000100e34                device_get_binding
 .text._main    0x0000000000100e6d       0x4e kernel/lib.a(init.o)
 .text._Cstart  0x0000000000100ebb      0x123 kernel/lib.a(init.o)
                0x0000000000100ebb                _Cstart
 .text._get_highest_ready_prio
                0x0000000000100fde       0x16 kernel/lib.a(sched.o)
 .text._add_thread_to_ready_q
                0x0000000000100ff4       0x61 kernel/lib.a(sched.o)
                0x0000000000100ff4                _add_thread_to_ready_q
 .text._remove_thread_from_ready_q
                0x0000000000101055       0x62 kernel/lib.a(sched.o)
                0x0000000000101055                _remove_thread_from_ready_q
 .text.__must_switch_threads
                0x00000000001010b7       0x1b kernel/lib.a(sched.o)
                0x00000000001010b7                __must_switch_threads
 .text._reschedule_threads
                0x00000000001010d2       0x2f kernel/lib.a(sched.o)
                0x00000000001010d2                _reschedule_threads
 .text.k_sched_unlock
                0x0000000000101101       0x17 kernel/lib.a(sched.o)
                0x0000000000101101                k_sched_unlock
 .text._move_thread_to_end_of_prio_q
                0x0000000000101118       0x63 kernel/lib.a(sched.o)
                0x0000000000101118                _move_thread_to_end_of_prio_q
 .text.k_current_get
                0x000000000010117b        0xa kernel/lib.a(sched.o)
                0x000000000010117b                k_current_get
 .text._nano_sys_clock_tick_announce
                0x0000000000101185      0x1bb kernel/lib.a(sys_clock.o)
                0x0000000000101185                _nano_sys_clock_tick_announce
 .text._is_thread_ready
                0x0000000000101340       0x19 kernel/lib.a(thread.o)
 .text._abort_timeout
                0x0000000000101359       0x34 kernel/lib.a(thread.o)
 .text.schedule_new_thread
                0x000000000010138d       0xe2 kernel/lib.a(thread.o)
 .text.k_is_in_isr
                0x000000000010146f       0x11 kernel/lib.a(thread.o)
                0x000000000010146f                k_is_in_isr
 .text._is_thread_essential
                0x0000000000101480       0x10 kernel/lib.a(thread.o)
                0x0000000000101480                _is_thread_essential
 .text._thread_entry
                0x0000000000101490       0x33 kernel/lib.a(thread.o)
                0x0000000000101490                _thread_entry
 .text._k_thread_single_abort
                0x00000000001014c3       0x51 kernel/lib.a(thread.o)
                0x00000000001014c3                _k_thread_single_abort
 .text._init_static_threads
                0x0000000000101514       0x79 kernel/lib.a(thread.o)
                0x0000000000101514                _init_static_threads
 .text._init_thread_base
                0x000000000010158d       0x3a kernel/lib.a(thread.o)
                0x000000000010158d                _init_thread_base
 .text.k_thread_abort
                0x00000000001015c7       0x2f kernel/lib.a(thread_abort.o)
                0x00000000001015c7                k_thread_abort
 .text.idle     0x00000000001015f6        0xd kernel/lib.a(idle.o)
                0x00000000001015f6                idle
 .text._OffsetAbsSyms
                0x0000000000101603        0x5 ./arch/x86/core/offsets/offsets.o
                0x0000000000101603                _OffsetAbsSyms
 *(.gnu.linkonce.t.*)
 .gnu.linkonce.t.exc_0_stub
                0x0000000000101608        0xc arch/built-in.o
                0x0000000000101608                _handle_exc_0_vector_0_stub
 .gnu.linkonce.t.exc_2_stub
                0x0000000000101614        0xc arch/built-in.o
                0x0000000000101614                _handle_exc_2_vector_2_stub
 .gnu.linkonce.t.exc_4_stub
                0x0000000000101620        0xc arch/built-in.o
                0x0000000000101620                _handle_exc_4_vector_4_stub
 .gnu.linkonce.t.exc_5_stub
                0x000000000010162c        0xc arch/built-in.o
                0x000000000010162c                _handle_exc_5_vector_5_stub
 .gnu.linkonce.t.exc_6_stub
                0x0000000000101638        0xc arch/built-in.o
                0x0000000000101638                _handle_exc_6_vector_6_stub
 .gnu.linkonce.t.exc_7_stub
                0x0000000000101644        0xc arch/built-in.o
                0x0000000000101644                _handle_exc_7_vector_7_stub
 .gnu.linkonce.t.exc_8_stub
                0x0000000000101650        0xa arch/built-in.o
                0x0000000000101650                _handle_exc_8_vector_8_stub
 .gnu.linkonce.t.exc_10_stub
                0x000000000010165a        0xa arch/built-in.o
                0x000000000010165a                _handle_exc_10_vector_10_stub
 .gnu.linkonce.t.exc_11_stub
                0x0000000000101664        0xa arch/built-in.o
                0x0000000000101664                _handle_exc_11_vector_11_stub
 .gnu.linkonce.t.exc_12_stub
                0x000000000010166e        0xa arch/built-in.o
                0x000000000010166e                _handle_exc_12_vector_12_stub
 .gnu.linkonce.t.exc_13_stub
                0x0000000000101678        0xa arch/built-in.o
                0x0000000000101678                _handle_exc_13_vector_13_stub
 .gnu.linkonce.t.exc_14_stub
                0x0000000000101682        0xa arch/built-in.o
                0x0000000000101682                _handle_exc_14_vector_14_stub
 .gnu.linkonce.t.exc_16_stub
                0x000000000010168c        0xc arch/built-in.o
                0x000000000010168c                _handle_exc_16_vector_16_stub
 .gnu.linkonce.t.exc_17_stub
                0x0000000000101698        0xa arch/built-in.o
                0x0000000000101698                _handle_exc_17_vector_17_stub
 .gnu.linkonce.t.exc_18_stub
                0x00000000001016a2        0xc arch/built-in.o
                0x00000000001016a2                _handle_exc_18_vector_18_stub
 *(.eh_frame)
 *(.init)
 *(.fini)
 *(.eini)
 *(.openocd_dbg)
 *(.openocd_dbg.*)
                0x00000000001016ae                _image_text_end = .

.rel.dyn        0x00000000001016b0        0x0
 .rel.text._sys_clock_driver_init
                0x00000000001016b0        0x0 src/built-in.o
 .rel.text_start.__start
                0x00000000001016b0        0x0 src/built-in.o
 .rel.text.init_cache
                0x00000000001016b0        0x0 src/built-in.o
 .rel.text._NanoFatalErrorHandler
                0x00000000001016b0        0x0 src/built-in.o
 .rel.text.device_get_binding
                0x00000000001016b0        0x0 src/built-in.o
 .rel.rodata.config_levels
                0x00000000001016b0        0x0 src/built-in.o
 .rel.text._Cstart
                0x00000000001016b0        0x0 src/built-in.o
 .rel.text._nano_sys_clock_tick_announce
                0x00000000001016b0        0x0 src/built-in.o
 .rel.text._init_static_threads
                0x00000000001016b0        0x0 src/built-in.o

devconfig       0x00000000001016b0       0x60
                0x00000000001016b0                __devconfig_start = .
 *(.devconfig.*)
 .devconfig.init
                0x00000000001016b0       0x54 drivers/built-in.o
 .devconfig.init
                0x0000000000101704        0xc arch/built-in.o
 *(SORT(.devconfig*))
                0x0000000000101710                __devconfig_end = .

net_l2          0x0000000000101710        0x0
                0x0000000000101710                __net_l2_start = .
 *(.net_l2.init)
 *(SORT(.net_l2.init*))
                0x0000000000101710                __net_l2_end = .

rodata          0x0000000000101720      0xb50
 *(.rodata)
 *(.rodata.*)
 .rodata.main.str1.1
                0x0000000000101720       0x15 src/built-in.o
 .rodata.uart_console_init.str1.1
                0x0000000000101735        0x7 drivers/built-in.o
 .rodata.str1.1
                0x000000000010173c       0x11 drivers/built-in.o
                                         0x1c (size before relaxing)
 *fill*         0x000000000010174d        0x3 
 .rodata.uart_ns16550_dev_cfg_1
                0x0000000000101750        0x4 drivers/built-in.o
 .rodata.uart_ns16550_dev_cfg_0
                0x0000000000101754        0x4 drivers/built-in.o
 .rodata.uart_ns16550_driver_api
                0x0000000000101758        0xc drivers/built-in.o
 .rodata._SysFatalErrorHandler.str1.1
                0x0000000000101764       0x5a arch/built-in.o
 .rodata.str1.1
                0x00000000001017be        0x1 arch/built-in.o
 .rodata._NanoFatalErrorHandler.str1.1
                0x00000000001017be      0x138 arch/built-in.o
                                        0x13f (size before relaxing)
 .rodata.generic_exc_handle.str1.1
                0x00000000001018f6       0x34 arch/built-in.o
 *fill*         0x000000000010192a       0x16 
 .rodata._default_esf
                0x0000000000101940       0x30 arch/built-in.o
                0x0000000000101940                _default_esf
 *fill*         0x0000000000101970       0x10 
 .rodata.config_levels
                0x0000000000101980       0x24 kernel/lib.a(device.o)
 .rodata._k_neg_eagain
                0x00000000001019a4        0x4 kernel/lib.a(errno.o)
                0x00000000001019a4                _k_neg_eagain
 .rodata._Cstart.str1.1
                0x00000000001019a8       0x47 kernel/lib.a(init.o)
 *(.gnu.linkonce.r.*)
                0x00000000001019f0                . = ALIGN (0x8)
 *fill*         0x00000000001019ef        0x1 
                0x00000000001019f0                _idt_base_address = .
 *(staticIdt)
 staticIdt      0x00000000001019f0      0x800 staticIdt.o
                0x00000000001019f0                _binary_staticIdt_bin_start
                0x00000000001021f0                _binary_staticIdt_bin_end
                0x00000000001021f0                . = ALIGN (0x4)
                0x00000000001021f0                _irq_to_interrupt_vector = .
 *(irq_int_vector_map)
 irq_int_vector_map
                0x00000000001021f0       0x80 irq_int_vector_map.o
                0x00000000001021f0                _binary_irq_int_vector_map_bin_start
                0x0000000000102270                _binary_irq_int_vector_map_bin_end
                0x0000000000102270                _image_rom_end = .
                0x0000000000102270                __data_rom_start = ALIGN (0x4)

datas           0x0000000000102270       0x2c
                0x0000000000102270                _image_ram_start = .
                0x0000000000102270                __data_ram_start = .
 *(.top_of_image_ram)
 *(.top_of_image_ram.*)
 *(.data)
 *(.data.*)
 .data.uart_ns16550_dev_data_1
                0x0000000000102270        0xc drivers/built-in.o
 .data.uart_ns16550_dev_data_0
                0x000000000010227c        0xc drivers/built-in.o
 .data._char_out
                0x0000000000102288        0x4 misc/built-in.o
                0x0000000000102288                _char_out
 .data._sys_idle_elapsed_ticks
                0x000000000010228c        0x4 kernel/lib.a(sys_clock.o)
                0x000000000010228c                _sys_idle_elapsed_ticks
 .data.sys_clock_hw_cycles_per_sec
                0x0000000000102290        0x4 kernel/lib.a(sys_clock.o)
                0x0000000000102290                sys_clock_hw_cycles_per_sec
 .data.sys_clock_hw_cycles_per_tick
                0x0000000000102294        0x4 kernel/lib.a(sys_clock.o)
                0x0000000000102294                sys_clock_hw_cycles_per_tick
 .data.sys_clock_us_per_tick
                0x0000000000102298        0x4 kernel/lib.a(sys_clock.o)
                0x0000000000102298                sys_clock_us_per_tick
                0x000000000010229c                . = ALIGN (0x4)

initlevel       0x000000000010229c       0x60
                0x000000000010229c                __device_init_start = .
                0x000000000010229c                __device_PRE_KERNEL_1_start = .
 *(SORT(.init_PRE_KERNEL_1[0-9]))
 *(SORT(.init_PRE_KERNEL_1[1-9][0-9]))
 .init_PRE_KERNEL_140
                0x000000000010229c       0x24 drivers/built-in.o
 .init_PRE_KERNEL_140
                0x00000000001022c0        0xc arch/built-in.o
 .init_PRE_KERNEL_150
                0x00000000001022cc       0x18 drivers/built-in.o
 .init_PRE_KERNEL_160
                0x00000000001022e4        0xc drivers/built-in.o
                0x00000000001022f0                __device_PRE_KERNEL_2_start = .
 *(SORT(.init_PRE_KERNEL_2[0-9]))
 *(SORT(.init_PRE_KERNEL_2[1-9][0-9]))
                0x00000000001022f0                __device_POST_KERNEL_start = .
 *(SORT(.init_POST_KERNEL[0-9]))
 .init_POST_KERNEL0
                0x00000000001022f0        0xc drivers/built-in.o
 *(SORT(.init_POST_KERNEL[1-9][0-9]))
                0x00000000001022fc                __device_APPLICATION_start = .
 *(SORT(.init_APPLICATION[0-9]))
 *(SORT(.init_APPLICATION[1-9][0-9]))
                0x00000000001022fc                __device_PRIMARY_start = .
 *(SORT(.init_PRIMARY[0-9]))
 *(SORT(.init_PRIMARY[1-9][0-9]))
                0x00000000001022fc                __device_SECONDARY_start = .
 *(SORT(.init_SECONDARY[0-9]))
 *(SORT(.init_SECONDARY[1-9][0-9]))
                0x00000000001022fc                __device_NANOKERNEL_start = .
 *(SORT(.init_NANOKERNEL[0-9]))
 *(SORT(.init_NANOKERNEL[1-9][0-9]))
                0x00000000001022fc                __device_MICROKERNEL_start = .
 *(SORT(.init_MICROKERNEL[0-9]))
 *(SORT(.init_MICROKERNEL[1-9][0-9]))
                0x00000000001022fc                __device_init_end = .

initlevel_error
                0x0000000000102270        0x0
 *(SORT(.init_[_A-Z0-9]*))
                0x0000000000000001                ASSERT ((SIZEOF (initlevel_error) == 0x0), Undefined initialization levels used.)

initshell       0x00000000001022fc        0x0
                0x00000000001022fc                __shell_cmd_start = .
 *(.shell_*)
                0x00000000001022fc                __shell_cmd_end = .

_static_thread_area
                0x00000000001022fc        0x0
                0x00000000001022fc                _static_thread_data_list_start = .
 *(SORT(._static_thread_data.static.*))
                0x00000000001022fc                _static_thread_data_list_end = .

_k_timer_area   0x00000000001022fc        0x0
                0x00000000001022fc                _k_timer_list_start = .
 *(SORT(._k_timer.static.*))
                0x00000000001022fc                _k_timer_list_end = .

_k_mem_slab_area
                0x00000000001022fc        0x0
                0x00000000001022fc                _k_mem_slab_list_start = .
 *(SORT(._k_mem_slab.static.*))
                0x00000000001022fc                _k_mem_slab_list_end = .

_k_mem_pool_area
                0x00000000001022fc        0x0
 *(SORT(._k_memory_pool.struct*))
                0x00000000001022fc                _k_mem_pool_list_start = .
 *(SORT(._k_mem_pool.static.*))
                0x00000000001022fc                _k_mem_pool_list_end = .

_k_sem_area     0x00000000001022fc        0x0
                0x00000000001022fc                _k_sem_list_start = .
 *(SORT(._k_sem.static.*))
                0x00000000001022fc                _k_sem_list_end = .

_k_mutex_area   0x00000000001022fc        0x0
                0x00000000001022fc                _k_mutex_list_start = .
 *(SORT(._k_mutex.static.*))
                0x00000000001022fc                _k_mutex_list_end = .

_k_alert_area   0x00000000001022fc        0x0
                0x00000000001022fc                _k_alert_list_start = .
 *(SORT(._k_alert.static.*))
                0x00000000001022fc                _k_alert_list_end = .

_k_fifo_area    0x00000000001022fc        0x0
                0x00000000001022fc                _k_fifo_list_start = .
 *(SORT(._k_fifo.static.*))
                0x00000000001022fc                _k_fifo_list_end = .

_k_lifo_area    0x00000000001022fc        0x0
                0x00000000001022fc                _k_lifo_list_start = .
 *(SORT(._k_lifo.static.*))
                0x00000000001022fc                _k_lifo_list_end = .

_k_stack_area   0x00000000001022fc        0x0
                0x00000000001022fc                _k_stack_list_start = .
 *(SORT(._k_stack.static.*))
                0x00000000001022fc                _k_stack_list_end = .

_k_msgq_area    0x00000000001022fc        0x0
                0x00000000001022fc                _k_msgq_list_start = .
 *(SORT(._k_msgq.static.*))
                0x00000000001022fc                _k_msgq_list_end = .

_k_mbox_area    0x00000000001022fc        0x0
                0x00000000001022fc                _k_mbox_list_start = .
 *(SORT(._k_mbox.static.*))
                0x00000000001022fc                _k_mbox_list_end = .

_k_pipe_area    0x00000000001022fc        0x0
                0x00000000001022fc                _k_pipe_list_start = .
 *(SORT(._k_pipe.static.*))
                0x00000000001022fc                _k_pipe_list_end = .

_k_task_list    0x00000000001022fc        0x0
                0x00000000001022fc                _k_task_list_start = .
 *(._k_task_list.public.*)
 *(._k_task_list.private.*)
                0x00000000001022fc                _k_task_list_idle_start = .
 *(._k_task_list.idle.*)
 *(SORT(._k_task_list*))
                0x00000000001022fc                _k_task_list_end = .

_k_event_list   0x00000000001022fc        0x0
                0x00000000001022fc                _k_event_list_start = .
 *(._k_event_list.event.*)
 *(SORT(._k_event_list*))
                0x00000000001022fc                _k_event_list_end = .

_k_memory_pool  0x00000000001022fc        0x0
 *(._k_memory_pool.struct*)
 *(SORT(._k_memory_pool.struct*))
                0x00000000001022fc                _k_mem_pool_start = .
 *(._k_memory_pool.*)
 *(SORT(._k_memory_pool*))
                0x00000000001022fc                _k_mem_pool_end = .

net_if          0x00000000001022fc        0x0
                0x00000000001022fc                __net_if_start = .
 *(.net_if.*)
 *(SORT(.net_if*))
                0x00000000001022fc                __net_if_end = .

net_l2_data     0x00000000001022fc        0x0
                0x00000000001022fc                __net_l2_data_start = .
 *(.net_l2.data)
 *(SORT(.net_l2.data*))
                0x00000000001022fc                __net_l2_data_end = .
                0x00000000001022fc                __data_ram_end = .

bss             0x0000000000102300      0x160
                0x0000000000102300                . = ALIGN (0x4)
                0x0000000000102300                __bss_start = .
 *(.bss)
 *(.bss.*)
 .bss.uart_console_dev
                0x0000000000102300        0x4 drivers/built-in.o
 *fill*         0x0000000000102304       0x1c 
 .bss._kernel   0x0000000000102320      0x11c kernel/lib.a(sched.o)
                0x0000000000102320                _kernel
 .bss._time_slice_prio_ceiling
                0x000000000010243c        0x4 kernel/lib.a(sys_clock.o)
                0x000000000010243c                _time_slice_prio_ceiling
 .bss._time_slice_duration
                0x0000000000102440        0x4 kernel/lib.a(sys_clock.o)
                0x0000000000102440                _time_slice_duration
 *(COMMON)
 COMMON         0x0000000000102444        0xc arch/built-in.o
                0x0000000000102444                _dummy_exception_vector_stub
                0x0000000000102448                sys_cache_line_size
                0x000000000010244c                _dummy_spurious_interrupt
 COMMON         0x0000000000102450       0x10 kernel/lib.a(sys_clock.o)
                0x0000000000102450                _handling_timeouts
                0x0000000000102454                _time_slice_elapsed
                0x0000000000102458                _sys_clock_tick_count
                0x0000000000102460                . = ALIGN (0x4)
                0x0000000000102460                __bss_end = .

noinit          0x0000000000102460      0xd00
 *(.noinit)
 *(.noinit.*)
 .noinit._FILE_PATH_HASH.2
                0x0000000000102460      0x800 kernel/lib.a(init.o)
                0x0000000000102460                _interrupt_stack
 .noinit._FILE_PATH_HASH.1
                0x0000000000102c60      0x100 kernel/lib.a(init.o)
                0x0000000000102c60                _idle_stack
 .noinit._FILE_PATH_HASH.0
                0x0000000000102d60      0x400 kernel/lib.a(init.o)
                0x0000000000102d60                _main_stack
 *(.bottom_of_image_ram)
 *(.bottom_of_image_ram.*)
                0x0000000000103160                _image_ram_end = .
                0x0000000000103160                _end = .
                0x0000000000104000                . = ALIGN (0x1000)
                0x0000000000000058                __bss_num_words = ((__bss_end - __bss_start) >> 0x2)

intList         0x0000000000000800      0x14c
 *(.spurIsr)
 .spurIsr       0x0000000000000800        0x4 arch/built-in.o
                0x0000000000000800                __isr___SpuriousIntHandler
 *(.spurNoErrIsr)
 .spurNoErrIsr  0x0000000000000804        0x4 arch/built-in.o
                0x0000000000000804                __isr___SpuriousIntNoErrCodeHandler
                0x0000000000000808                __INT_LIST_START__ = .
                0x0000000000000808        0x4 LONG 0x10 ((__INT_LIST_END__ - __INT_LIST_START__) / 0x14)
 *(.intList)
 .intList       0x000000000000080c       0x14 drivers/built-in.o
 *(.gnu.linkonce.intList.*)
 .gnu.linkonce.intList.exc_0
                0x0000000000000820       0x14 arch/built-in.o
 .gnu.linkonce.intList.exc_2
                0x0000000000000834       0x14 arch/built-in.o
 .gnu.linkonce.intList.exc_4
                0x0000000000000848       0x14 arch/built-in.o
 .gnu.linkonce.intList.exc_5
                0x000000000000085c       0x14 arch/built-in.o
 .gnu.linkonce.intList.exc_6
                0x0000000000000870       0x14 arch/built-in.o
 .gnu.linkonce.intList.exc_7
                0x0000000000000884       0x14 arch/built-in.o
 .gnu.linkonce.intList.exc_8
                0x0000000000000898       0x14 arch/built-in.o
 .gnu.linkonce.intList.exc_10
                0x00000000000008ac       0x14 arch/built-in.o
 .gnu.linkonce.intList.exc_11
                0x00000000000008c0       0x14 arch/built-in.o
 .gnu.linkonce.intList.exc_12
                0x00000000000008d4       0x14 arch/built-in.o
 .gnu.linkonce.intList.exc_13
                0x00000000000008e8       0x14 arch/built-in.o
 .gnu.linkonce.intList.exc_14
                0x00000000000008fc       0x14 arch/built-in.o
 .gnu.linkonce.intList.exc_16
                0x0000000000000910       0x14 arch/built-in.o
 .gnu.linkonce.intList.exc_17
                0x0000000000000924       0x14 arch/built-in.o
 .gnu.linkonce.intList.exc_18
                0x0000000000000938       0x14 arch/built-in.o
                0x000000000000094c                __INT_LIST_END__ = .
OUTPUT(zephyr.elf elf32-i386)

.comment        0x0000000000000000       0x11
 .comment       0x0000000000000000       0x11 src/built-in.o
                                         0x12 (size before relaxing)
 .comment       0x0000000000000011       0x90 drivers/built-in.o
 .comment       0x0000000000000011       0xb4 lib/built-in.o
 .comment       0x0000000000000011       0x24 misc/built-in.o
 .comment       0x0000000000000011       0x90 arch/built-in.o
 .comment       0x0000000000000011       0x12 kernel/lib.a(device.o)
 .comment       0x0000000000000011       0x12 kernel/lib.a(errno.o)
 .comment       0x0000000000000011       0x12 kernel/lib.a(init.o)
 .comment       0x0000000000000011       0x12 kernel/lib.a(sched.o)
 .comment       0x0000000000000011       0x12 kernel/lib.a(sys_clock.o)
 .comment       0x0000000000000011       0x12 kernel/lib.a(thread.o)
 .comment       0x0000000000000011       0x12 kernel/lib.a(thread_abort.o)
 .comment       0x0000000000000011       0x12 kernel/lib.a(idle.o)
 .comment       0x0000000000000011       0x12 ./arch/x86/core/offsets/offsets.o
 .comment       0x0000000000000011       0x12 /opt/zephyr-sdk//sysroots/i586-zephyr-elf/usr/lib/i586-zephyr-elf/6.2.0/libgcc.a(_udivdi3.o)

.debug_aranges  0x0000000000000000      0xa88
 .debug_aranges
                0x0000000000000000       0x28 src/built-in.o
 .debug_aranges
                0x0000000000000028      0x1d0 drivers/built-in.o
 .debug_aranges
                0x00000000000001f8      0x228 lib/built-in.o
 .debug_aranges
                0x0000000000000420       0x88 misc/built-in.o
 .debug_aranges
                0x00000000000004a8      0x290 arch/built-in.o
 .debug_aranges
                0x0000000000000738       0x38 kernel/lib.a(device.o)
 .debug_aranges
                0x0000000000000770       0x28 kernel/lib.a(errno.o)
 .debug_aranges
                0x0000000000000798       0x48 kernel/lib.a(init.o)
 .debug_aranges
                0x00000000000007e0       0xc0 kernel/lib.a(sched.o)
 .debug_aranges
                0x00000000000008a0       0x68 kernel/lib.a(sys_clock.o)
 .debug_aranges
                0x0000000000000908       0xd8 kernel/lib.a(thread.o)
 .debug_aranges
                0x00000000000009e0       0x30 kernel/lib.a(thread_abort.o)
 .debug_aranges
                0x0000000000000a10       0x30 kernel/lib.a(idle.o)
 .debug_aranges
                0x0000000000000a40       0x28 ./arch/x86/core/offsets/offsets.o
 .debug_aranges
                0x0000000000000a68       0x20 /opt/zephyr-sdk//sysroots/i586-zephyr-elf/usr/lib/i586-zephyr-elf/6.2.0/libgcc.a(_udivdi3.o)

.debug_info     0x0000000000000000    0x117d3
 .debug_info    0x0000000000000000      0x34c src/built-in.o
 .debug_info    0x000000000000034c     0x3734 drivers/built-in.o
 .debug_info    0x0000000000003a80     0x1df8 lib/built-in.o
 .debug_info    0x0000000000005878      0x5ff misc/built-in.o
 .debug_info    0x0000000000005e77     0x37a0 arch/built-in.o
 .debug_info    0x0000000000009617      0x5a5 kernel/lib.a(device.o)
 .debug_info    0x0000000000009bbc      0x6a1 kernel/lib.a(errno.o)
 .debug_info    0x000000000000a25d      0xb6d kernel/lib.a(init.o)
 .debug_info    0x000000000000adca     0x1a64 kernel/lib.a(sched.o)
 .debug_info    0x000000000000c82e     0x14a7 kernel/lib.a(sys_clock.o)
 .debug_info    0x000000000000dcd5     0x1a9e kernel/lib.a(thread.o)
 .debug_info    0x000000000000f773      0x7a8 kernel/lib.a(thread_abort.o)
 .debug_info    0x000000000000ff1b      0x820 kernel/lib.a(idle.o)
 .debug_info    0x000000000001073b      0x686 ./arch/x86/core/offsets/offsets.o
 .debug_info    0x0000000000010dc1      0xa12 /opt/zephyr-sdk//sysroots/i586-zephyr-elf/usr/lib/i586-zephyr-elf/6.2.0/libgcc.a(_udivdi3.o)

.debug_abbrev   0x0000000000000000     0x52aa
 .debug_abbrev  0x0000000000000000      0x14b src/built-in.o
 .debug_abbrev  0x000000000000014b     0x12dd drivers/built-in.o
 .debug_abbrev  0x0000000000001428      0xbba lib/built-in.o
 .debug_abbrev  0x0000000000001fe2      0x377 misc/built-in.o
 .debug_abbrev  0x0000000000002359      0xfc1 arch/built-in.o
 .debug_abbrev  0x000000000000331a      0x228 kernel/lib.a(device.o)
 .debug_abbrev  0x0000000000003542      0x1cf kernel/lib.a(errno.o)
 .debug_abbrev  0x0000000000003711      0x3c4 kernel/lib.a(init.o)
 .debug_abbrev  0x0000000000003ad5      0x564 kernel/lib.a(sched.o)
 .debug_abbrev  0x0000000000004039      0x422 kernel/lib.a(sys_clock.o)
 .debug_abbrev  0x000000000000445b      0x589 kernel/lib.a(thread.o)
 .debug_abbrev  0x00000000000049e4      0x276 kernel/lib.a(thread_abort.o)
 .debug_abbrev  0x0000000000004c5a      0x29e kernel/lib.a(idle.o)
 .debug_abbrev  0x0000000000004ef8      0x1bc ./arch/x86/core/offsets/offsets.o
 .debug_abbrev  0x00000000000050b4      0x1f6 /opt/zephyr-sdk//sysroots/i586-zephyr-elf/usr/lib/i586-zephyr-elf/6.2.0/libgcc.a(_udivdi3.o)

.debug_line     0x0000000000000000     0x66c7
 .debug_line    0x0000000000000000      0x1bc src/built-in.o
 .debug_line    0x00000000000001bc     0x140b drivers/built-in.o
 .debug_line    0x00000000000015c7     0x1100 lib/built-in.o
 .debug_line    0x00000000000026c7      0x2d7 misc/built-in.o
 .debug_line    0x000000000000299e     0x17ed arch/built-in.o
 .debug_line    0x000000000000418b      0x1fb kernel/lib.a(device.o)
 .debug_line    0x0000000000004386      0x24b kernel/lib.a(errno.o)
 .debug_line    0x00000000000045d1      0x363 kernel/lib.a(init.o)
 .debug_line    0x0000000000004934      0x6a2 kernel/lib.a(sched.o)
 .debug_line    0x0000000000004fd6      0x540 kernel/lib.a(sys_clock.o)
 .debug_line    0x0000000000005516      0x788 kernel/lib.a(thread.o)
 .debug_line    0x0000000000005c9e      0x2a6 kernel/lib.a(thread_abort.o)
 .debug_line    0x0000000000005f44      0x2e5 kernel/lib.a(idle.o)
 .debug_line    0x0000000000006229      0x29f ./arch/x86/core/offsets/offsets.o
 .debug_line    0x00000000000064c8      0x1ff /opt/zephyr-sdk//sysroots/i586-zephyr-elf/usr/lib/i586-zephyr-elf/6.2.0/libgcc.a(_udivdi3.o)

.debug_frame    0x0000000000000000     0x1d7c
 .debug_frame   0x0000000000000000       0x54 src/built-in.o
 .debug_frame   0x0000000000000054      0x528 drivers/built-in.o
 .debug_frame   0x000000000000057c      0x680 lib/built-in.o
 .debug_frame   0x0000000000000bfc      0x1b4 misc/built-in.o
 .debug_frame   0x0000000000000db0      0x494 arch/built-in.o
 .debug_frame   0x0000000000001244       0xc0 kernel/lib.a(device.o)
 .debug_frame   0x0000000000001304       0x54 kernel/lib.a(errno.o)
 .debug_frame   0x0000000000001358       0xcc kernel/lib.a(init.o)
 .debug_frame   0x0000000000001424      0x310 kernel/lib.a(sched.o)
 .debug_frame   0x0000000000001734      0x18c kernel/lib.a(sys_clock.o)
 .debug_frame   0x00000000000018c0      0x380 kernel/lib.a(thread.o)
 .debug_frame   0x0000000000001c40       0x7c kernel/lib.a(thread_abort.o)
 .debug_frame   0x0000000000001cbc       0x6c kernel/lib.a(idle.o)
 .debug_frame   0x0000000000001d28       0x54 ./arch/x86/core/offsets/offsets.o

.debug_str      0x0000000000000000     0x36dc
 .debug_str     0x0000000000000000      0x377 src/built-in.o
                                        0x3f3 (size before relaxing)
 .debug_str     0x0000000000000377      0xa96 drivers/built-in.o
                                       0x2ca2 (size before relaxing)
 .debug_str     0x0000000000000e0d      0x62c lib/built-in.o
                                       0x136f (size before relaxing)
 .debug_str     0x0000000000001439      0x170 misc/built-in.o
                                        0x408 (size before relaxing)
 .debug_str     0x00000000000015a9      0x784 arch/built-in.o
                                       0x2fbf (size before relaxing)
 .debug_str     0x0000000000001d2d      0x29f kernel/lib.a(device.o)
                                        0x6b0 (size before relaxing)
 .debug_str     0x0000000000001fcc       0x42 kernel/lib.a(errno.o)
                                        0x646 (size before relaxing)
 .debug_str     0x000000000000200e      0x1ed kernel/lib.a(init.o)
                                        0x8c1 (size before relaxing)
 .debug_str     0x00000000000021fb      0x4df kernel/lib.a(sched.o)
                                        0xbfe (size before relaxing)
 .debug_str     0x00000000000026da      0x1cc kernel/lib.a(sys_clock.o)
                                        0xa29 (size before relaxing)
 .debug_str     0x00000000000028a6      0x351 kernel/lib.a(thread.o)
                                        0xd64 (size before relaxing)
 .debug_str     0x0000000000002bf7       0x52 kernel/lib.a(thread_abort.o)
                                        0x6c9 (size before relaxing)
 .debug_str     0x0000000000002c49       0x7b kernel/lib.a(idle.o)
                                        0x724 (size before relaxing)
 .debug_str     0x0000000000002cc4       0x54 ./arch/x86/core/offsets/offsets.o
                                        0x64d (size before relaxing)
 .debug_str     0x0000000000002d18      0x9c4 /opt/zephyr-sdk//sysroots/i586-zephyr-elf/usr/lib/i586-zephyr-elf/6.2.0/libgcc.a(_udivdi3.o)
                                        0xacf (size before relaxing)

.debug_ranges   0x0000000000000000      0xe88
 .debug_ranges  0x0000000000000000       0x18 src/built-in.o
 .debug_ranges  0x0000000000000018      0x2b8 drivers/built-in.o
 .debug_ranges  0x00000000000002d0      0x280 lib/built-in.o
 .debug_ranges  0x0000000000000550       0x98 misc/built-in.o
 .debug_ranges  0x00000000000005e8      0x200 arch/built-in.o
 .debug_ranges  0x00000000000007e8       0x40 kernel/lib.a(device.o)
 .debug_ranges  0x0000000000000828       0x18 kernel/lib.a(errno.o)
 .debug_ranges  0x0000000000000840       0x50 kernel/lib.a(init.o)
 .debug_ranges  0x0000000000000890      0x230 kernel/lib.a(sched.o)
 .debug_ranges  0x0000000000000ac0      0x198 kernel/lib.a(sys_clock.o)
 .debug_ranges  0x0000000000000c58      0x190 kernel/lib.a(thread.o)
 .debug_ranges  0x0000000000000de8       0x20 kernel/lib.a(thread_abort.o)
 .debug_ranges  0x0000000000000e08       0x20 kernel/lib.a(idle.o)
 .debug_ranges  0x0000000000000e28       0x18 ./arch/x86/core/offsets/offsets.o
 .debug_ranges  0x0000000000000e40       0x48 /opt/zephyr-sdk//sysroots/i586-zephyr-elf/usr/lib/i586-zephyr-elf/6.2.0/libgcc.a(_udivdi3.o)

.debug_loc      0x0000000000000000     0x5110
 .debug_loc     0x0000000000000000      0x882 drivers/built-in.o
 .debug_loc     0x0000000000000882     0x2570 lib/built-in.o
 .debug_loc     0x0000000000002df2      0x55a misc/built-in.o
 .debug_loc     0x000000000000334c      0x11f arch/built-in.o
 .debug_loc     0x000000000000346b       0x69 kernel/lib.a(device.o)
 .debug_loc     0x00000000000034d4       0xa9 kernel/lib.a(init.o)
 .debug_loc     0x000000000000357d      0xa06 kernel/lib.a(sched.o)
 .debug_loc     0x0000000000003f83      0x47b kernel/lib.a(sys_clock.o)
 .debug_loc     0x00000000000043fe      0x748 kernel/lib.a(thread.o)
 .debug_loc     0x0000000000004b46       0x14 kernel/lib.a(thread_abort.o)
 .debug_loc     0x0000000000004b5a      0x5b6 /opt/zephyr-sdk//sysroots/i586-zephyr-elf/usr/lib/i586-zephyr-elf/6.2.0/libgcc.a(_udivdi3.o)
